../Drivers/CMSIS/Include/core_cm7.h:2229:22:SCB_EnableICache	4	static,ignoring_inline_asm
../Drivers/CMSIS/Include/core_cm7.h:2281:22:SCB_EnableDCache	24	static,ignoring_inline_asm
../Core/Src/main.c:93:5:main	8	static
../Core/Src/main.c:611:6:SystemClock_Config	232	static
../Core/Src/main.c:666:5:average_16	16	static
../Core/Src/main.c:678:10:CRC16_2	24	static
../Core/Src/main.c:696:6:display1	64	static
../Core/Src/main.c:792:6:display2	16	static
../Core/Src/main.c:813:6:Error_Handler	4	static
